<html>
<body>
<pre>
<h1>µVision Build Log</h1>
<h2>Project:</h2>
E:\microProcessorClass\rhythm\rhythm.uvproj
Project File Date:  06/05/2016

<h2>Output:</h2>
Build target 'Target 1'
compiling rhythm.c...
linking...
Program Size: Code=4376 RO-data=320 RW-data=900 ZI-data=1972  
".\rhythm.axf" - 0 Error(s), 0 Warning(s).
Load "E:\\microProcessorClass\\rhythm\\rhythm.axf" 
Erase Done.
Programming Done.
Verify OK.
</pre>
</body>
</html>
Flash Download failed  -  "Cortex-M3"
Load "E:\\microProcessorClass\\rhythm\\rhythm.axf" 
Erase Done.
Programming Done.
Verify OK.
